<html>
<head>
    <title></title>
</head>
<body>
<!-- build:js scripts/main.js -->
<script src="scripts/main.js"></script>
<script src="scripts/models/application.js"></script>
<!-- endbuild -->
</body>
</html>